I'm sorry, but errors were detected in your script. Please correct the
errors listed below, and try again.


File "game/script.rpy", line 47: expected 'simple_expression' not found.
    show megumi happy at truecenter with
                                        ^

Ren'Py Version: Ren'Py 7.5.0.22062402
Wed Jul 20 12:48:02 2022
